[     662ms] [WARNING] A preload for 'https://i.forbesimg.com/assets/fonts/Schnyder/Schnyder-SDemi-Web.woff2' is found, but is not used because the request credentials mode does not match. Consider taking a look at crossorigin attribute. @ https://www.forbes.com/sites/stevenbertoni/2023/02/15/inside-athletic-brewings-plan-to-make-boozeless-beer-a-billion-dollar-business/:55
[     662ms] [WARNING] A preload for 'https://i.forbesimg.com/assets/fonts/Graphik/Graphik-Regular-Web.woff2' is found, but is not used because the request credentials mode does not match. Consider taking a look at crossorigin attribute. @ https://www.forbes.com/sites/stevenbertoni/2023/02/15/inside-athletic-brewings-plan-to-make-boozeless-beer-a-billion-dollar-business/:55
[     663ms] [WARNING] A preload for 'https://i.forbesimg.com/assets/fonts/Schnyder/Schnyder-SDemi-Web.woff2' is found, but is not used because the request credentials mode does not match. Consider taking a look at crossorigin attribute. @ https://www.forbes.com/sites/stevenbertoni/2023/02/15/inside-athletic-brewings-plan-to-make-boozeless-beer-a-billion-dollar-business/:55
[     663ms] [WARNING] A preload for 'https://i.forbesimg.com/assets/fonts/Graphik/Graphik-Regular-Web.woff2' is found, but is not used because the request credentials mode does not match. Consider taking a look at crossorigin attribute. @ https://www.forbes.com/sites/stevenbertoni/2023/02/15/inside-athletic-brewings-plan-to-make-boozeless-beer-a-billion-dollar-business/:55
[     663ms] [WARNING] A preload for 'https://i.forbesimg.com/assets/fonts/Graphik/Graphik-Regular-Web.woff2' is found, but is not used because the request credentials mode does not match. Consider taking a look at crossorigin attribute. @ https://www.forbes.com/sites/stevenbertoni/2023/02/15/inside-athletic-brewings-plan-to-make-boozeless-beer-a-billion-dollar-business/:55
[     663ms] [WARNING] A preload for 'https://i.forbesimg.com/assets/fonts/Schnyder/Schnyder-SDemi-Web.woff2' is found, but is not used because the request credentials mode does not match. Consider taking a look at crossorigin attribute. @ https://www.forbes.com/sites/stevenbertoni/2023/02/15/inside-athletic-brewings-plan-to-make-boozeless-beer-a-billion-dollar-business/:55
[     663ms] [WARNING] A preload for 'https://i.forbesimg.com/assets/fonts/Graphik/Graphik-Regular-Web.woff2' is found, but is not used because the request credentials mode does not match. Consider taking a look at crossorigin attribute. @ https://www.forbes.com/sites/stevenbertoni/2023/02/15/inside-athletic-brewings-plan-to-make-boozeless-beer-a-billion-dollar-business/:55
[     663ms] [WARNING] A preload for 'https://i.forbesimg.com/assets/fonts/Schnyder/Schnyder-SDemi-Web.woff2' is found, but is not used because the request credentials mode does not match. Consider taking a look at crossorigin attribute. @ https://www.forbes.com/sites/stevenbertoni/2023/02/15/inside-athletic-brewings-plan-to-make-boozeless-beer-a-billion-dollar-business/:55
[     663ms] [WARNING] A preload for 'https://i.forbesimg.com/assets/fonts/Schnyder/Schnyder-SDemi-Web.woff2' is found, but is not used because the request credentials mode does not match. Consider taking a look at crossorigin attribute. @ https://www.forbes.com/sites/stevenbertoni/2023/02/15/inside-athletic-brewings-plan-to-make-boozeless-beer-a-billion-dollar-business/:55
[     663ms] [WARNING] A preload for 'https://i.forbesimg.com/assets/fonts/Schnyder/Schnyder-SDemi-Web.woff2' is found, but is not used because the request credentials mode does not match. Consider taking a look at crossorigin attribute. @ https://www.forbes.com/sites/stevenbertoni/2023/02/15/inside-athletic-brewings-plan-to-make-boozeless-beer-a-billion-dollar-business/:55
[     663ms] [WARNING] A preload for 'https://i.forbesimg.com/assets/fonts/Graphik/Graphik-Regular-Web.woff2' is found, but is not used because the request credentials mode does not match. Consider taking a look at crossorigin attribute. @ https://www.forbes.com/sites/stevenbertoni/2023/02/15/inside-athletic-brewings-plan-to-make-boozeless-beer-a-billion-dollar-business/:55
[     663ms] [WARNING] A preload for 'https://i.forbesimg.com/assets/fonts/Schnyder/Schnyder-SDemi-Web.woff2' is found, but is not used because the request credentials mode does not match. Consider taking a look at crossorigin attribute. @ https://www.forbes.com/sites/stevenbertoni/2023/02/15/inside-athletic-brewings-plan-to-make-boozeless-beer-a-billion-dollar-business/:55
[     816ms] [WARNING] A preload for 'https://i.forbesimg.com/assets/fonts/Schnyder/Schnyder-SDemi-Web.woff2' is found, but is not used because the request credentials mode does not match. Consider taking a look at crossorigin attribute. @ https://i.forbesimg.com/simple-site/_next/static/chunks/7661.eca1c64e3503752c.js:0
[     816ms] [WARNING] A preload for 'https://i.forbesimg.com/assets/fonts/Schnyder/Schnyder-SDemi-Web.woff2' is found, but is not used because the request credentials mode does not match. Consider taking a look at crossorigin attribute. @ https://i.forbesimg.com/simple-site/_next/static/chunks/7661.eca1c64e3503752c.js:0
[     816ms] [WARNING] A preload for 'https://i.forbesimg.com/assets/fonts/Schnyder/Schnyder-SDemi-Web.woff2' is found, but is not used because the request credentials mode does not match. Consider taking a look at crossorigin attribute. @ https://i.forbesimg.com/simple-site/_next/static/chunks/7661.eca1c64e3503752c.js:0
[     816ms] [WARNING] A preload for 'https://i.forbesimg.com/assets/fonts/Schnyder/Schnyder-SDemi-Web.woff2' is found, but is not used because the request credentials mode does not match. Consider taking a look at crossorigin attribute. @ https://i.forbesimg.com/simple-site/_next/static/chunks/7661.eca1c64e3503752c.js:0
[     817ms] [WARNING] A preload for 'https://i.forbesimg.com/assets/fonts/Graphik/Graphik-Regular-Web.woff2' is found, but is not used because the request credentials mode does not match. Consider taking a look at crossorigin attribute. @ https://i.forbesimg.com/simple-site/_next/static/chunks/7661.eca1c64e3503752c.js:0
[     817ms] [WARNING] A preload for 'https://i.forbesimg.com/assets/fonts/Schnyder/Schnyder-SDemi-Web.woff2' is found, but is not used because the request credentials mode does not match. Consider taking a look at crossorigin attribute. @ https://i.forbesimg.com/simple-site/_next/static/chunks/7661.eca1c64e3503752c.js:0
[     817ms] [WARNING] A preload for 'https://i.forbesimg.com/assets/fonts/Graphik/Graphik-Regular-Web.woff2' is found, but is not used because the request credentials mode does not match. Consider taking a look at crossorigin attribute. @ https://i.forbesimg.com/simple-site/_next/static/chunks/7661.eca1c64e3503752c.js:0
[     817ms] [WARNING] A preload for 'https://i.forbesimg.com/assets/fonts/Schnyder/Schnyder-SDemi-Web.woff2' is found, but is not used because the request credentials mode does not match. Consider taking a look at crossorigin attribute. @ https://i.forbesimg.com/simple-site/_next/static/chunks/7661.eca1c64e3503752c.js:0
[    1210ms] [WARNING] Amazon APS script loaded. @ https://i.forbesimg.com/simple-site/dist/js/nextJS-3d6f0d13efe0dc5e5cd2.js:1
[    1323ms] [WARNING] [GPT] PubAdsService.setTargeting is deprecated, use googletag.setConfig({targeting: ...}) instead.
https://goo.gle/gpt-message#170 @ https://securepubads.g.doubleclick.net/pagead/managed/js/gpt/m202608060101/pubads_impl.js?cb=122880318:18
[    1326ms] [WARNING] [GPT] Slot.setForceSafeFrame is deprecated, use Slot.setConfig({safeFrame: ...}) instead.
https://goo.gle/gpt-message#171 @ https://securepubads.g.doubleclick.net/pagead/managed/js/gpt/m202608060101/pubads_impl.js?cb=122880318:18
[    1539ms] [ERROR] Failed to load resource: the server responded with a status of 401 () @ https://www.forbes.com/blaize/account:0
[    1542ms] [LOG] Error fetching Zephr user information! @ https://i.forbesimg.com/simple-site/dist/js/nextJS-3d6f0d13efe0dc5e5cd2.js:1
[    1571ms] [ERROR] Failed to load resource: the server responded with a status of 401 () @ https://www.forbes.com/blaize/profile:0
[    2477ms] [WARNING] A preload for 'https://i.forbesimg.com/assets/fonts/Graphik/Graphik-Regular-Web.woff2' is found, but is not used because the request credentials mode does not match. Consider taking a look at crossorigin attribute. @ https://www.forbes.com/sites/stevenbertoni/2023/02/15/inside-athletic-brewings-plan-to-make-boozeless-beer-a-billion-dollar-business/:0
[    2477ms] [WARNING] A preload for 'https://i.forbesimg.com/assets/fonts/Schnyder/Schnyder-SDemi-Web.woff2' is found, but is not used because the request credentials mode does not match. Consider taking a look at crossorigin attribute. @ https://www.forbes.com/sites/stevenbertoni/2023/02/15/inside-athletic-brewings-plan-to-make-boozeless-beer-a-billion-dollar-business/:0
[    2477ms] [WARNING] A preload for 'https://i.forbesimg.com/assets/fonts/Schnyder/Schnyder-SDemi-Web.woff2' is found, but is not used because the request credentials mode does not match. Consider taking a look at crossorigin attribute. @ https://www.forbes.com/sites/stevenbertoni/2023/02/15/inside-athletic-brewings-plan-to-make-boozeless-beer-a-billion-dollar-business/:0
[    2477ms] [WARNING] A preload for 'https://i.forbesimg.com/assets/fonts/Graphik/Graphik-Regular-Web.woff2' is found, but is not used because the request credentials mode does not match. Consider taking a look at crossorigin attribute. @ https://www.forbes.com/sites/stevenbertoni/2023/02/15/inside-athletic-brewings-plan-to-make-boozeless-beer-a-billion-dollar-business/:0
[    2477ms] [WARNING] A preload for 'https://i.forbesimg.com/assets/fonts/Graphik/Graphik-Regular-Web.woff2' is found, but is not used because the request credentials mode does not match. Consider taking a look at crossorigin attribute. @ https://www.forbes.com/sites/stevenbertoni/2023/02/15/inside-athletic-brewings-plan-to-make-boozeless-beer-a-billion-dollar-business/:0
[    2477ms] [WARNING] A preload for 'https://i.forbesimg.com/assets/fonts/Schnyder/Schnyder-SDemi-Web.woff2' is found, but is not used because the request credentials mode does not match. Consider taking a look at crossorigin attribute. @ https://www.forbes.com/sites/stevenbertoni/2023/02/15/inside-athletic-brewings-plan-to-make-boozeless-beer-a-billion-dollar-business/:0
[    2477ms] [WARNING] A preload for 'https://i.forbesimg.com/assets/fonts/Graphik/Graphik-Regular-Web.woff2' is found, but is not used because the request credentials mode does not match. Consider taking a look at crossorigin attribute. @ https://www.forbes.com/sites/stevenbertoni/2023/02/15/inside-athletic-brewings-plan-to-make-boozeless-beer-a-billion-dollar-business/:0
[    2477ms] [WARNING] A preload for 'https://i.forbesimg.com/assets/fonts/Schnyder/Schnyder-SDemi-Web.woff2' is found, but is not used because the request credentials mode does not match. Consider taking a look at crossorigin attribute. @ https://www.forbes.com/sites/stevenbertoni/2023/02/15/inside-athletic-brewings-plan-to-make-boozeless-beer-a-billion-dollar-business/:0
[    2477ms] [WARNING] A preload for 'https://i.forbesimg.com/assets/fonts/Schnyder/Schnyder-SDemi-Web.woff2' is found, but is not used because the request credentials mode does not match. Consider taking a look at crossorigin attribute. @ https://www.forbes.com/sites/stevenbertoni/2023/02/15/inside-athletic-brewings-plan-to-make-boozeless-beer-a-billion-dollar-business/:0
[    2477ms] [WARNING] A preload for 'https://i.forbesimg.com/assets/fonts/Graphik/Graphik-Regular-Web.woff2' is found, but is not used because the request credentials mode does not match. Consider taking a look at crossorigin attribute. @ https://www.forbes.com/sites/stevenbertoni/2023/02/15/inside-athletic-brewings-plan-to-make-boozeless-beer-a-billion-dollar-business/:0
[    2477ms] [WARNING] A preload for 'https://i.forbesimg.com/assets/fonts/Graphik/Graphik-Regular-Web.woff2' is found, but is not used because the request credentials mode does not match. Consider taking a look at crossorigin attribute. @ https://www.forbes.com/sites/stevenbertoni/2023/02/15/inside-athletic-brewings-plan-to-make-boozeless-beer-a-billion-dollar-business/:0
[    2478ms] [WARNING] A preload for 'https://i.forbesimg.com/assets/fonts/Schnyder/Schnyder-SDemi-Web.woff2' is found, but is not used because the request credentials mode does not match. Consider taking a look at crossorigin attribute. @ https://www.forbes.com/sites/stevenbertoni/2023/02/15/inside-athletic-brewings-plan-to-make-boozeless-beer-a-billion-dollar-business/:0
[    2478ms] [WARNING] A preload for 'https://i.forbesimg.com/assets/fonts/Graphik/Graphik-Regular-Web.woff2' is found, but is not used because the request credentials mode does not match. Consider taking a look at crossorigin attribute. @ https://www.forbes.com/sites/stevenbertoni/2023/02/15/inside-athletic-brewings-plan-to-make-boozeless-beer-a-billion-dollar-business/:0
[    2478ms] [WARNING] A preload for 'https://i.forbesimg.com/assets/fonts/Schnyder/Schnyder-SDemi-Web.woff2' is found, but is not used because the request credentials mode does not match. Consider taking a look at crossorigin attribute. @ https://www.forbes.com/sites/stevenbertoni/2023/02/15/inside-athletic-brewings-plan-to-make-boozeless-beer-a-billion-dollar-business/:0
[    2478ms] [WARNING] A preload for 'https://i.forbesimg.com/assets/fonts/Graphik/Graphik-Regular-Web.woff2' is found, but is not used because the request credentials mode does not match. Consider taking a look at crossorigin attribute. @ https://www.forbes.com/sites/stevenbertoni/2023/02/15/inside-athletic-brewings-plan-to-make-boozeless-beer-a-billion-dollar-business/:0
[    2478ms] [WARNING] A preload for 'https://i.forbesimg.com/assets/fonts/Schnyder/Schnyder-SDemi-Web.woff2' is found, but is not used because the request credentials mode does not match. Consider taking a look at crossorigin attribute. @ https://www.forbes.com/sites/stevenbertoni/2023/02/15/inside-athletic-brewings-plan-to-make-boozeless-beer-a-billion-dollar-business/:0
[    2485ms] [ERROR] Segment data is null. @ :1
[    2487ms] [ERROR] Segment data is null. @ :1
[    2776ms] [ERROR] Failed to load resource: the server responded with a status of 401 () @ https://www.forbes.com/blaize/profile/savedArticles:0
[    3256ms] [ERROR] Permissions policy violation: unload is not allowed in this document. @ https://forbes.blueconic.net/plugin/library/3f33d1a4c355060b0ad6ee8f50b260e1:14
[    3693ms] [WARNING] [GPT] Using deprecated googletag.encryptedSignalProviders. Please use googletag.secureSignalProviders instead.
https://goo.gle/gpt-message#155 @ https://securepubads.g.doubleclick.net/pagead/managed/js/gpt/m202608060101/pubads_impl.js?cb=122880318:18
[    3975ms] [WARNING] [GPT] Using deprecated googletag.encryptedSignalProviders. Please use googletag.secureSignalProviders instead.
https://goo.gle/gpt-message#155 @ https://securepubads.g.doubleclick.net/pagead/managed/js/gpt/m202608060101/pubads_impl.js?cb=122880318:18
[    4027ms] [ERROR] Failed to load resource: the server responded with a status of 400 () @ https://ups.analytics.yahoo.com/ups/58813/fed?gpp_sid=-1&gdpr=false&us_privacy=1---&v=1&url=https%3A%2F%2Fwww.forbes.com%2Fsites%2Fstevenbertoni%2F2023%2F02%2F15%2Finside-athletic-brewings-plan-to-make-boozeless-beer-a-billion-dollar-business%2F:0
[    4301ms] [ERROR] Attestation check for Shared Storage on https://www.googleadservices.com failed. @ https://www.googleadservices.com/pagead/managed/js/activeview/current/reach_worklet.html:0
[    4304ms] [ERROR] Attestation check for Shared Storage on https://www.googleadservices.com failed. @ https://www.googleadservices.com/pagead/managed/js/activeview/current/reach_worklet.html:0
[    4756ms] [ERROR] Failed to load resource: the server responded with a status of 424 (Failed Dependency) @ https://t.adx.opera.com/pub/sync?pubid=pub10101531197440&gdpr=1&gdpr_consent=:0
[    5841ms] [TIMEEND] a: 0.001953125 ms @ https://static.adsafeprotected.com/sca.17.6.4.js:31
[    8207ms] [ERROR] Failed to load resource: the server responded with a status of 404 () @ https://id5-sync.com/k/264.gif?puid=1a9ae6b4-f6ed-4a49-abe5-a0808057da7c&ttl=%%TTL%%:0
